--------- beginning of crash
--------- beginning of system
2025-02-19 23:30:02.869  1538-1538  AndroidRuntime          pid-1538                             E  FATAL EXCEPTION: main
                                                                                                    Process: com.wisefido, PID: 1538
                                                                                                    android.content.ActivityNotFoundException: Unable to find explicit activity class {com.wisefido/com.bleconfig.sleepace.SearchBleDeviceActivity}; have you declared this activity in your AndroidManifest.xml, or does your intent not match its declared <intent-filter>?
                                                                                                    	at android.app.Instrumentation.checkStartActivityResult(Instrumentation.java:2158)
                                                                                                    	at android.app.Instrumentation.execStartActivity(Instrumentation.java:1805)
                                                                                                    	at android.app.ContextImpl.startActivity(ContextImpl.java:1101)
                                                                                                    	at android.app.ContextImpl.startActivity(ContextImpl.java:1072)
                                                                                                    	at android.content.ContextWrapper.startActivity(ContextWrapper.java:432)
                                                                                                    	at com.bleconfig.sleepace.SleePaceBleManager.startScan(SleePaceBleManager.java:50)
                                                                                                    	at com.wisefido.ScanActivity.startSleepaceScan(ScanActivity.kt:374)
                                                                                                    	at com.wisefido.ScanActivity.startScan(ScanActivity.kt:329)
                                                                                                    	at com.wisefido.ScanActivity.initViews$lambda$3(ScanActivity.kt:225)
                                                                                                    	at com.wisefido.ScanActivity.$r8$lambda$Gp0-dxCkiyvUn7lh2b4lBz26ucM(Unknown Source:0)
                                                                                                    	at com.wisefido.ScanActivity$$ExternalSyntheticLambda4.onClick(Unknown Source:2)
                                                                                                    	at android.view.View.performClick(View.java:7537)
                                                                                                    	at com.google.android.material.button.MaterialButton.performClick(MaterialButton.java:1218)
                                                                                                    	at android.view.View.performClickInternal(View.java:7510)
                                                                                                    	at android.view.View.-$$Nest$mperformClickInternal(Unknown Source:0)
                                                                                                    	at android.view.View$PerformClick.run(View.java:29548)
                                                                                                    	at android.os.Handler.handleCallback(Handler.java:942)
                                                                                                    	at android.os.Handler.dispatchMessage(Handler.java:99)
                                                                                                    	at android.os.Looper.loopOnce(Looper.java:201)
                                                                                                    	at android.os.Looper.loop(Looper.java:288)
                                                                                                    	at android.app.ActivityThread.main(ActivityThread.java:7937)
                                                                                                    	at java.lang.reflect.Method.invoke(Native Method)
                                                                                                    	at com.android.internal.os.RuntimeInit$MethodAndArgsCaller.run(RuntimeInit.java:569)
                                                                                                    	at com.android.internal.os.ZygoteInit.main(ZygoteInit.java:1019)
2025-02-20 03:09:16.094  1518-1639  VerityUtils             pid-1518                             E  Failed to measure fs-verity, errno 1: /data/app/~~lbDS49rIuk4-OfNad7CZ3w==/com.wisefido-ODKnNgItSnPL1NgPBt3DPg==/base.apk
--------- beginning of main
2025-02-20 10:28:12.817  1518-15682 UserRestrictionsUtils   system_server                        E  Unknown restriction queried by uid 1000 (com.trustonic.teeservice et al): com.wisefido
2025-02-20 10:28:14.372 26136-26136 AppButtonsPrefCtl       com.android.settings                 E  Exception when retrieving package:com.wisefido
                                                                                                    android.content.pm.PackageManager$NameNotFoundException: com.wisefido
                                                                                                    	at android.app.ApplicationPackageManager.getPackageInfoAsUser(ApplicationPackageManager.java:253)
                                                                                                    	at android.app.ApplicationPackageManager.getPackageInfo(ApplicationPackageManager.java:213)
                                                                                                    	at android.app.ApplicationPackageManager.getPackageInfo(ApplicationPackageManager.java:207)
                                                                                                    	at com.android.settings.applications.appinfo.AppButtonsPreferenceController.retrieveAppEntry(AppButtonsPreferenceController.java:372)
                                                                                                    	at com.android.settings.applications.appinfo.AppButtonsPreferenceController.refreshUi(AppButtonsPreferenceController.java:660)
                                                                                                    	at com.android.settings.applications.appinfo.AppButtonsPreferenceController.refreshAndFinishIfPossible(AppButtonsPreferenceController.java:508)
                                                                                                    	at com.android.settings.applications.appinfo.AppButtonsPreferenceController.handleActivityResult(AppButtonsPreferenceController.java:300)
                                                                                                    	at com.android.settings.applications.appinfo.AppInfoDashboardFragment.onActivityResult(AppInfoDashboardFragment.java:509)
                                                                                                    	at androidx.fragment.app.FragmentManager$7.onActivityResult(FragmentManager.java:2548)
                                                                                                    	at androidx.fragment.app.FragmentManager$7.onActivityResult(FragmentManager.java:2528)
                                                                                                    	at androidx.activity.result.ActivityResultRegistry.doDispatch(ActivityResultRegistry.java:404)
                                                                                                    	at androidx.activity.result.ActivityResultRegistry.dispatchResult(ActivityResultRegistry.java:363)
                                                                                                    	at androidx.activity.ComponentActivity.onActivityResult(ComponentActivity.java:687)
                                                                                                    	at androidx.fragment.app.FragmentActivity.onActivityResult(FragmentActivity.java:140)
                                                                                                    	at com.android.settings.SettingsActivity.onActivityResult(SettingsActivity.java:546)
                                                                                                    	at android.app.Activity.dispatchActivityResult(Activity.java:8613)
                                                                                                    	at android.app.ActivityThread.deliverResults(ActivityThread.java:5377)
                                                                                                    	at android.app.ActivityThread.handleSendResult(ActivityThread.java:5423)
                                                                                                    	at android.app.servertransaction.ActivityResultItem.execute(ActivityResultItem.java:67)
                                                                                                    	at android.app.servertransaction.ActivityTransactionItem.execute(ActivityTransactionItem.java:45)
                                                                                                    	at android.app.servertransaction.TransactionExecutor.executeCallbacks(TransactionExecutor.java:135)
                                                                                                    	at android.app.servertransaction.TransactionExecutor.execute(TransactionExecutor.java:95)
                                                                                                    	at android.app.ActivityThread$H.handleMessage(ActivityThread.java:2341)
                                                                                                    	at android.os.Handler.dispatchMessage(Handler.java:106)
                                                                                                    	at android.os.Looper.loopOnce(Looper.java:201)
                                                                                                    	at android.os.Looper.loop(Looper.java:288)
                                                                                                    	at android.app.ActivityThread.main(ActivityThread.java:7937)
                                                                                                    	at java.lang.reflect.Method.invoke(Native Method)
                                                                                                    	at com.android.internal.os.RuntimeInit$MethodAndArgsCaller.run(RuntimeInit.java:569)
                                                                                                    	at com.android.internal.os.ZygoteInit.main(ZygoteInit.java:1019)
2025-02-20 10:28:14.435  1518-15577 AppOps                  system_server                        E  package com.wisefido not found, can't check for attributionTag null
2025-02-20 10:28:14.435  1518-15577 AppOps                  system_server                        E  Bad call made by uid 1000. Package "com.wisefido" does not belong to uid 10242.
2025-02-20 10:28:14.435  1518-15577 AppOps                  system_server                        E  noteOperation
                                                                                                    java.lang.SecurityException: Specified package "com.wisefido" under uid 10242 but it is not
                                                                                                    	at com.android.server.appop.AppOpsService.verifyAndGetBypass(AppOpsService.java:4781)
                                                                                                    	at com.android.server.appop.AppOpsService.noteOperationUnchecked(AppOpsService.java:3527)
                                                                                                    	at com.android.server.appop.AppOpsService.noteOperationImpl(AppOpsService.java:3515)
                                                                                                    	at com.android.server.appop.AppOpsService.-$$Nest$mnoteOperationImpl(Unknown Source:0)
                                                                                                    	at com.android.server.appop.AppOpsService$CheckOpsDelegateDispatcher.lambda$noteOperation$4(AppOpsService.java:7769)
                                                                                                    	at com.android.server.appop.AppOpsService$CheckOpsDelegateDispatcher$$ExternalSyntheticLambda4.apply(Unknown Source:33)
                                                                                                    	at com.android.server.policy.AppOpsPolicy.noteOperation(AppOpsPolicy.java:225)
                                                                                                    	at com.android.server.appop.AppOpsService$CheckOpsDelegateDispatcher.noteOperation(AppOpsService.java:7767)
                                                                                                    	at com.android.server.appop.AppOpsService.noteOperation(AppOpsService.java:3499)
                                                                                                    	at com.android.internal.app.IAppOpsService$Stub.onTransact(IAppOpsService.java:479)
                                                                                                    	at android.os.Binder.execTransactInternal(Binder.java:1280)
                                                                                                    	at android.os.Binder.execTransact(Binder.java:1244)
2025-02-20 10:28:14.992 24441-24468 WorkSourceUtil          com.google.android.gms               E  Could not find package: com.wisefido


=======

--------- beginning of main
--------- beginning of system
---------------------------- PROCESS STARTED (26989) for package com.wisefido ----------------------------
2025-02-20 10:29:39.418 26989-26989 nativeloader            com.wisefido                         D  Configuring clns-4 for other apk /data/app/~~4EE993GAKJ88VmKQv-RuZg==/com.wisefido-FrnEnBJMB1eXl94Vvypshw==/base.apk. target_sdk_version=34, uses_libraries=, library_path=/data/app/~~4EE993GAKJ88VmKQv-RuZg==/com.wisefido-FrnEnBJMB1eXl94Vvypshw==/lib/arm64, permitted_path=/data:/mnt/expand:/data/user/0/com.wisefido
2025-02-20 10:29:39.436 26989-26989 nativeloader            com.wisefido                         D  Load libframework-connectivity-jni.so using APEX ns com_android_tethering for caller /apex/com.android.tethering/javalib/framework-connectivity.jar: ok
2025-02-20 10:29:39.443 26989-26989 GraphicsEnvironment     com.wisefido                         V  ANGLE Developer option for 'com.wisefido' set to: 'default'
2025-02-20 10:29:39.444 26989-26989 GraphicsEnvironment     com.wisefido                         V  ANGLE GameManagerService for com.wisefido: false
2025-02-20 10:29:39.445 26989-26989 GraphicsEnvironment     com.wisefido                         V  Neither updatable production driver nor prerelease driver is supported.
2025-02-20 10:29:39.453 26989-26989 NetworkSecurityConfig   com.wisefido                         D  No Network Security Config specified, using platform default
2025-02-20 10:29:39.455 26989-26989 NetworkSecurityConfig   com.wisefido                         D  No Network Security Config specified, using platform default
2025-02-20 10:29:39.457 26989-26989 Compatibil...geReporter com.wisefido                         D  Compat change id reported: 183155436; UID 10244; state: ENABLED
2025-02-20 10:29:39.496 26989-26989 Process                 com.wisefido                         I  Sending signal. PID: 26989 SIG: 9
---------------------------- PROCESS ENDED (26989) for package com.wisefido ----------------------------
2025-02-20 10:29:39.654  1518-1639  VerityUtils             system_server                        E  Failed to measure fs-verity, errno 1: /data/app/~~4EE993GAKJ88VmKQv-RuZg==/com.wisefido-FrnEnBJMB1eXl94Vvypshw==/base.apk
---------------------------- PROCESS STARTED (27071) for package com.wisefido ----------------------------
2025-02-20 10:29:39.925 27071-27071 ziparchive              com.wisefido                         W  Unable to open '/data/app/~~4EE993GAKJ88VmKQv-RuZg==/com.wisefido-FrnEnBJMB1eXl94Vvypshw==/base.dm': No such file or directory
2025-02-20 10:29:39.925 27071-27071 ziparchive              com.wisefido                         W  Unable to open '/data/app/~~4EE993GAKJ88VmKQv-RuZg==/com.wisefido-FrnEnBJMB1eXl94Vvypshw==/base.dm': No such file or directory
2025-02-20 10:29:39.999 27071-27071 nativeloader            com.wisefido                         D  Configuring clns-4 for other apk /data/app/~~4EE993GAKJ88VmKQv-RuZg==/com.wisefido-FrnEnBJMB1eXl94Vvypshw==/base.apk. target_sdk_version=34, uses_libraries=, library_path=/data/app/~~4EE993GAKJ88VmKQv-RuZg==/com.wisefido-FrnEnBJMB1eXl94Vvypshw==/lib/arm64, permitted_path=/data:/mnt/expand:/data/user/0/com.wisefido
2025-02-20 10:29:40.008 27071-27071 nativeloader            com.wisefido                         D  Load libframework-connectivity-jni.so using APEX ns com_android_tethering for caller /apex/com.android.tethering/javalib/framework-connectivity.jar: ok
2025-02-20 10:29:40.012 27071-27071 GraphicsEnvironment     com.wisefido                         V  ANGLE Developer option for 'com.wisefido' set to: 'default'
2025-02-20 10:29:40.012 27071-27071 GraphicsEnvironment     com.wisefido                         V  ANGLE GameManagerService for com.wisefido: false
2025-02-20 10:29:40.013 27071-27071 GraphicsEnvironment     com.wisefido                         V  Neither updatable production driver nor prerelease driver is supported.
2025-02-20 10:29:40.017 27071-27071 NetworkSecurityConfig   com.wisefido                         D  No Network Security Config specified, using platform default
2025-02-20 10:29:40.018 27071-27071 NetworkSecurityConfig   com.wisefido                         D  No Network Security Config specified, using platform default
2025-02-20 10:29:40.019 27071-27071 Compatibil...geReporter com.wisefido                         D  Compat change id reported: 183155436; UID 10244; state: ENABLED
2025-02-20 10:29:40.046 27071-27092 libMEOW                 com.wisefido                         D  meow new tls: 0xb400007606be2060
2025-02-20 10:29:40.046 27071-27092 libMEOW                 com.wisefido                         D  meow reload base cfg path: na
2025-02-20 10:29:40.046 27071-27092 libMEOW                 com.wisefido                         D  meow reload overlay cfg path: na
2025-02-20 10:29:40.049 27071-27092 QT                      com.wisefido                         E  [QT]file does not exist
2025-02-20 10:29:40.050 27071-27092 libMEOW                 com.wisefido                         D  applied 1 plugins for [com.wisefido]:
2025-02-20 10:29:40.050 27071-27092 libMEOW                 com.wisefido                         D    plugin 1: [libMEOW_gift.so]: 0xb4000075c6ba2030
2025-02-20 10:29:40.050 27071-27092 libMEOW                 com.wisefido                         D  rebuild call chain: 0xb400007606c220a0
2025-02-20 10:29:40.050 27071-27092 libMEOW                 com.wisefido                         D  meow delete tls: 0xb400007606be2060
2025-02-20 10:29:40.085 27071-27071 AppCompatDelegate       com.wisefido                         D  Checking for metadata for AppLocalesMetadataHolderService : Service not found
2025-02-20 10:29:40.129 27071-27071 com.wisefido            com.wisefido                         E  Invalid ID 0x00000000.
2025-02-20 10:29:40.161 27071-27071 com.wisefido            com.wisefido                         W  Accessing hidden method Landroid/view/View;->computeFitSystemWindows(Landroid/graphics/Rect;Landroid/graphics/Rect;)Z (unsupported, reflection, allowed)
2025-02-20 10:29:40.162 27071-27071 com.wisefido            com.wisefido                         W  Accessing hidden method Landroid/view/ViewGroup;->makeOptionalFitsSystemWindows()V (unsupported, reflection, allowed)
2025-02-20 10:29:40.169 27071-27071 Compatibil...geReporter com.wisefido                         D  Compat change id reported: 210923482; UID 10244; state: ENABLED
2025-02-20 10:29:40.422 27071-27071 MSYNC3-Var...efreshRate com.wisefido                         I  Variable refreshrate is disabled
2025-02-20 10:29:40.423 27071-27071 SurfaceFactory          com.wisefido                         I  [static] sSurfaceFactory = com.mediatek.view.impl.SurfaceFactoryImpl@7c687cb
2025-02-20 10:29:40.428 27071-27096 nativeloader            com.wisefido                         D  Load libpowerhalwrap_jni.so using system ns (caller=/system/framework/mediatek-framework.jar): ok
2025-02-20 10:29:40.428 27071-27096 PowerHalWrapper         com.wisefido                         I  PowerHalWrapper.getInstance
2025-02-20 10:29:40.430 27071-27071 VRI[MainActivity]       com.wisefido                         D  hardware acceleration = true, forceHwAccelerated = false
2025-02-20 10:29:40.435 27071-27071 libMEOW                 com.wisefido                         D  meow new tls: 0xb400007606be2060
2025-02-20 10:29:40.435 27071-27071 libMEOW                 com.wisefido                         D  applied 1 plugins for [com.wisefido]:
2025-02-20 10:29:40.435 27071-27071 libMEOW                 com.wisefido                         D    plugin 1: [libMEOW_gift.so]: 0xb4000075c6ba2030
2025-02-20 10:29:40.435 27071-27071 libMEOW                 com.wisefido                         D  rebuild call chain: 0xb400007606c220a0
2025-02-20 10:29:40.435 27071-27071 InputTransport          com.wisefido                         D  Create ARC handle: 0xb400007426bd6aa0
2025-02-20 10:29:40.483 27071-27071 BufferQueueConsumer     com.wisefido                         D  [](id:69bf00000000,api:0,p:-1,c:27071) connect: controlledByApp=false
2025-02-20 10:29:40.485 27071-27071 FBI                     com.wisefido                         E  Can't load library: dlopen failed: library "libmagtsync.so" not found
2025-02-20 10:29:40.487 27071-27090 libMEOW                 com.wisefido                         D  meow new tls: 0xb400007606c320b0
2025-02-20 10:29:40.487 27071-27090 libMEOW                 com.wisefido                         D  applied 1 plugins for [com.wisefido]:
2025-02-20 10:29:40.487 27071-27090 libMEOW                 com.wisefido                         D    plugin 1: [libMEOW_gift.so]: 0xb4000075c6ba2030
2025-02-20 10:29:40.487 27071-27090 libMEOW                 com.wisefido                         D  rebuild call chain: 0xb400007606c12090
2025-02-20 10:29:40.501 27071-27090 skia                    com.wisefido                         D  GrGLMakeAssembledInterface verStr OpenGL ES 3.2 v1.r32p1-01eac0.394145956bc7cd8e697b330aba11e3d3
2025-02-20 10:29:40.501 27071-27090 skia                    com.wisefido                         D  GrGLMakeAssembledGLESInterface verStr OpenGL ES 3.2 v1.r32p1-01eac0.394145956bc7cd8e697b330aba11e3d3
2025-02-20 10:29:40.501 27071-27090 skia                    com.wisefido                         D  extensions init verString=OpenGL ES 3.2 v1.r32p1-01eac0.394145956bc7cd8e697b330aba11e3d3
2025-02-20 10:29:40.540 27071-27090 mali                    com.wisefido                         I  [DebugProp] GPU Debug-Mechanism Disable !
2025-02-20 10:29:40.592 27071-27090 BLASTBufferQueue        com.wisefido                         D  [VRI[MainActivity]#0](f:0,a:1) acquireNextBufferLocked size=1200x2000 mFrameNumber=1 applyTransaction=true mTimestamp=911835251055118(auto) mPendingTransactions.size=0 graphicBufferId=116269059670019 transform=0
2025-02-20 10:29:40.594 27071-27090 Parcel                  com.wisefido                         W  Expecting binder but got null!
2025-02-20 10:29:40.605 27071-27071 Compatibil...geReporter com.wisefido                         D  Compat change id reported: 163400105; UID 10244; state: ENABLED
2025-02-20 10:29:40.621 27071-27071 AssistStructure         com.wisefido                         I  Flattened final assist data: 5136 bytes, containing 1 windows, 34 views
2025-02-20 10:29:41.294 27071-27076 com.wisefido            com.wisefido                         I  Compiler allocated 5078KB to compile void android.view.ViewRootImpl.performTraversals()
2025-02-20 10:29:45.663 27071-27196 ProfileInstaller        com.wisefido                         D  Installing profile for com.wisefido
2025-02-20 10:29:52.525 27071-27077 com.wisefido            com.wisefido                         I  Background concurrent mark compact GC freed 3405KB AllocSpace bytes, 2(40KB) LOS objects, 49% free, 3969KB/7938KB, paused 107us,7.248ms total 25.186ms
2025-02-20 10:29:55.005 27071-27071 Compatibil...geReporter com.wisefido                         D  Compat change id reported: 78294732; UID 10244; state: ENABLED
2025-02-20 10:29:55.048 27071-27234 libMEOW                 com.wisefido                         D  meow new tls: 0xb400007606d221a0
2025-02-20 10:29:55.048 27071-27234 libMEOW                 com.wisefido                         D  applied 1 plugins for [com.wisefido]:
2025-02-20 10:29:55.048 27071-27234 libMEOW                 com.wisefido                         D    plugin 1: [libMEOW_gift.so]: 0xb4000075c6ba2030
2025-02-20 10:29:55.048 27071-27234 libMEOW                 com.wisefido                         D  rebuild call chain: 0xb400007606d321b0
2025-02-20 10:29:55.048 27071-27234 libMEOW                 com.wisefido                         D  meow delete tls: 0xb400007606d221a0
2025-02-20 10:29:55.110 27071-27071 ScanActivity            com.wisefido                         D  Initializing views
2025-02-20 10:29:55.117 27071-27071 ScanActivity            com.wisefido                         D  Radio button changed, current module: null
2025-02-20 10:29:55.122 27071-27071 VRI[ScanActivity]       com.wisefido                         D  hardware acceleration = true, forceHwAccelerated = false
2025-02-20 10:29:55.128 27071-27071 InputTransport          com.wisefido                         D  Create ARC handle: 0xb400007426bedea0
2025-02-20 10:29:55.148 27071-27071 BufferQueueConsumer     com.wisefido                         D  [](id:69bf00000001,api:0,p:-1,c:27071) connect: controlledByApp=false
2025-02-20 10:29:55.165 27071-27090 BLASTBufferQueue        com.wisefido                         D  [VRI[ScanActivity]#1](f:0,a:1) acquireNextBufferLocked size=1200x2000 mFrameNumber=1 applyTransaction=true mTimestamp=911849824227811(auto) mPendingTransactions.size=0 graphicBufferId=116269059670022 transform=0
2025-02-20 10:29:55.165 27071-27090 Parcel                  com.wisefido                         W  Expecting binder but got null!
2025-02-20 10:29:55.714 27071-27071 BLASTBufferQueue        com.wisefido                         D  [VRI[MainActivity]#0](f:0,a:1) destructor()
2025-02-20 10:29:55.715 27071-27071 BufferQueueConsumer     com.wisefido                         D  [VRI[MainActivity]#0(BLAST Consumer)0](id:69bf00000000,api:0,p:-1,c:27071) disconnect
2025-02-20 10:29:57.777 27071-27071 ScanActivity            com.wisefido                         D  Start scan clicked, current module: SleepBoardHS
2025-02-20 10:29:57.777 27071-27071 ScanActivity            com.wisefido                         D  Filter prefix set to:
2025-02-20 10:29:57.836 27071-27245 libMEOW                 com.wisefido                         D  meow new tls: 0xb400007606cd2150
2025-02-20 10:29:57.836 27071-27245 libMEOW                 com.wisefido                         D  applied 1 plugins for [com.wisefido]:
2025-02-20 10:29:57.836 27071-27245 libMEOW                 com.wisefido                         D    plugin 1: [libMEOW_gift.so]: 0xb4000075c6ba2030
2025-02-20 10:29:57.837 27071-27245 libMEOW                 com.wisefido                         D  rebuild call chain: 0xb400007606d521d0
2025-02-20 10:29:57.837 27071-27245 libMEOW                 com.wisefido                         D  meow delete tls: 0xb400007606cd2150
2025-02-20 10:29:57.839 27071-27071 SearchBleDeviceActivity com.wisefido                         D  Start scanning...
2025-02-20 10:29:57.839 27071-27071 BluetoothAdapter        com.wisefido                         D  startLeScan(): null
2025-02-20 10:29:57.840 27071-27071 BluetoothAdapter        com.wisefido                         D  isLeEnabled(): ON
2025-02-20 10:29:57.843 27071-27084 BluetoothLeScanner      com.wisefido                         D  onScannerRegistered() - status=0 scannerId=8 mScannerId=0
2025-02-20 10:29:57.853 27071-27071 VRI[Search...eActivity] com.wisefido                         D  hardware acceleration = true, forceHwAccelerated = false
2025-02-20 10:29:57.857 27071-27071 InputTransport          com.wisefido                         D  Create ARC handle: 0xb400007426bf4d40
2025-02-20 10:29:57.870 27071-27071 BufferQueueConsumer     com.wisefido                         D  [](id:69bf00000002,api:0,p:-1,c:27071) connect: controlledByApp=false
2025-02-20 10:29:57.877 27071-27090 BLASTBufferQueue        com.wisefido                         D  [VRI[SearchBleDeviceActivity]#2](f:0,a:1) acquireNextBufferLocked size=1200x2000 mFrameNumber=1 applyTransaction=true mTimestamp=911852536879119(auto) mPendingTransactions.size=0 graphicBufferId=116269059670024 transform=0
2025-02-20 10:29:57.878 27071-27090 Parcel                  com.wisefido                         W  Expecting binder but got null!
2025-02-20 10:29:57.899 27071-27071 SleepaceSdk             com.wisefido                         E  SearchBleDeviceActivity onLeScan deviceName:BM87224601641
2025-02-20 10:29:57.916 27071-27071 SleepaceSdk             com.wisefido                         E  SearchBleDeviceActivity onLeScan deviceName:ï¿½????[ï¿½gï¿½ï¿½
2025-02-20 10:29:57.919 27071-27071 SleepaceSdk             com.wisefido                         E  SearchBleDeviceActivity onLeScan deviceName:L??	"ï¿½
2025-02-20 10:29:57.921 27071-27071 SleepaceSdk             com.wisefido                         E  SearchBleDeviceActivity onLeScan deviceName:*%ï¿½ï¿½ï¿½×¥?Wï¿½rÐï¿½~^6)ï¿½Nï¿½>
2025-02-20 10:29:57.972 27071-27071 SleepaceSdk             com.wisefido                         E  SearchBleDeviceActivity onLeScan deviceName:BM87224601903
2025-02-20 10:29:57.987 27071-27071 SleepaceSdk             com.wisefido                         E  SearchBleDeviceActivity onLeScan deviceName:u??Bï¿½]0AJTDR1@ï¿½cï¿½É…
2025-02-20 10:29:57.999 27071-27071 SleepaceSdk             com.wisefido                         E  SearchBleDeviceActivity onLeScan deviceName:BM87224601641
2025-02-20 10:29:58.016 27071-27071 SleepaceSdk             com.wisefido                         E  SearchBleDeviceActivity onLeScan deviceName:*%ï¿½ï¿½ï¿½×¥?Wï¿½rÐï¿½~^6)ï¿½Nï¿½>
2025-02-20 10:29:58.050 27071-27071 SleepaceSdk             com.wisefido                         E  SearchBleDeviceActivity onLeScan deviceName:L??A-
2025-02-20 10:29:58.061 27071-27071 SleepaceSdk             com.wisefido                         E  SearchBleDeviceActivity onLeScan deviceName:BM87224601641
2025-02-20 10:29:58.072 27071-27071 SleepaceSdk             com.wisefido                         E  SearchBleDeviceActivity onLeScan deviceName:u??Bï¿½]0AJTDR1@ï¿½cï¿½É…
2025-02-20 10:29:58.076 27071-27071 SleepaceSdk             com.wisefido                         E  SearchBleDeviceActivity onLeScan deviceName:"ï¿½Mï¿½ï¿½'onï¿½$ï¿½ï¿½ï¿½ï¿½Gï¿½iï¿½*sï¿½
2025-02-20 10:29:58.121 27071-27071 SleepaceSdk             com.wisefido                         E  SearchBleDeviceActivity onLeScan deviceName:*%ï¿½ï¿½ï¿½×¥?Wï¿½rÐï¿½~^6)ï¿½Nï¿½>
2025-02-20 10:29:58.168 27071-27071 SleepaceSdk             com.wisefido                         E  SearchBleDeviceActivity onLeScan deviceName:u??Bï¿½]0AJTDR1@ï¿½cï¿½É…
2025-02-20 10:29:58.172 27071-27071 SleepaceSdk             com.wisefido                         E  SearchBleDeviceActivity onLeScan deviceName:ï¿½ï¿½
2025-02-20 10:29:58.179 27071-27071 SleepaceSdk             com.wisefido                         E  SearchBleDeviceActivity onLeScan deviceName:u??B ????-??ï¿½ï¿½
2025-02-20 10:29:58.185 27071-27071 SleepaceSdk             com.wisefido                         E  SearchBleDeviceActivity onLeScan deviceName:BM87224601641
2025-02-20 10:29:58.191 27071-27071 SleepaceSdk             com.wisefido                         E  SearchBleDeviceActivity onLeScan deviceName:u??Bï¿½]0AJTDR1@ï¿½cï¿½É…
2025-02-20 10:29:58.198 27071-27071 SleepaceSdk             com.wisefido                         E  SearchBleDeviceActivity onLeScan deviceName:ï¿½????[ï¿½gï¿½ï¿½
2025-02-20 10:29:58.252 27071-27071 SleepaceSdk             com.wisefido                         E  SearchBleDeviceActivity onLeScan deviceName:ï¿½ï¿½
2025-02-20 10:29:58.256 27071-27071 SleepaceSdk             com.wisefido                         E  SearchBleDeviceActivity onLeScan deviceName:BM87224601641
2025-02-20 10:29:58.262 27071-27071 SleepaceSdk             com.wisefido                         E  SearchBleDeviceActivity onLeScan deviceName:u??Bï¿½]0AJTDR1@ï¿½cï¿½É…
2025-02-20 10:29:58.272 27071-27071 SleepaceSdk             com.wisefido                         E  SearchBleDeviceActivity onLeScan deviceName:"ï¿½Mï¿½ï¿½'onï¿½$ï¿½ï¿½ï¿½ï¿½Gï¿½iï¿½*sï¿½
2025-02-20 10:29:58.285 27071-27071 SleepaceSdk             com.wisefido                         E  SearchBleDeviceActivity onLeScan deviceName:u??Bï¿½]0AJTDR1@ï¿½cï¿½É…
2025-02-20 10:29:58.295 27071-27071 SleepaceSdk             com.wisefido                         E  SearchBleDeviceActivity onLeScan deviceName:BM87224700978
2025-02-20 10:29:58.303 27071-27071 SleepaceSdk             com.wisefido                         E  SearchBleDeviceActivity onLeScan deviceName:ï¿½????[ï¿½gï¿½ï¿½
2025-02-20 10:29:58.307 27071-27071 SleepaceSdk             com.wisefido                         E  SearchBleDeviceActivity onLeScan deviceName:u??Bï¿½]0AJTDR1@ï¿½cï¿½É…
2025-02-20 10:29:58.325 27071-27071 SleepaceSdk             com.wisefido                         E  SearchBleDeviceActivity onLeScan deviceName:ï¿½ï¿½
2025-02-20 10:29:58.331 27071-27071 SleepaceSdk             com.wisefido                         E  SearchBleDeviceActivity onLeScan deviceName:*%ï¿½ï¿½ï¿½×¥?Wï¿½rÐï¿½~^6)ï¿½Nï¿½>
2025-02-20 10:29:58.383 27071-27071 SleepaceSdk             com.wisefido                         E  SearchBleDeviceActivity onLeScan deviceName:u??Bï¿½]0AJTDR1@ï¿½cï¿½É…
2025-02-20 10:29:58.386 27071-27071 SleepaceSdk             com.wisefido                         E  SearchBleDeviceActivity onLeScan deviceName:BM87224601641
2025-02-20 10:29:58.407 27071-27071 SleepaceSdk             com.wisefido                         E  SearchBleDeviceActivity onLeScan deviceName:ï¿½????[ï¿½gï¿½ï¿½
2025-02-20 10:29:58.411 27071-27071 SleepaceSdk             com.wisefido                         E  SearchBleDeviceActivity onLeScan deviceName:u??Bï¿½]0AJTDR1@ï¿½cï¿½É…
2025-02-20 10:29:58.442 27071-27071 SleepaceSdk             com.wisefido                         E  SearchBleDeviceActivity onLeScan deviceName:*%ï¿½ï¿½ï¿½×¥?Wï¿½rÐï¿½~^6)ï¿½Nï¿½>
2025-02-20 10:29:58.468 27071-27071 BLASTBufferQueue        com.wisefido                         D  [VRI[SearchBleDeviceActivity]#2](f:0,a:1) destructor()
2025-02-20 10:29:58.468 27071-27071 BufferQueueConsumer     com.wisefido                         D  [VRI[SearchBleDeviceActivity]#2(BLAST Consumer)2](id:69bf00000002,api:0,p:-1,c:27071) disconnect
2025-02-20 10:29:58.472 27071-27071 BluetoothAdapter        com.wisefido                         D  stopLeScan()
2025-02-20 10:29:58.472 27071-27071 BluetoothAdapter        com.wisefido                         D  isLeEnabled(): ON
2025-02-20 10:29:58.481 27071-27071 SearchBleDeviceActivity com.wisefido                         D  Scan stopped
2025-02-20 10:29:58.484 27071-27071 View                    com.wisefido                         D  [Warning] assignParent to null: this = DecorView@8967fe8[SearchBleDeviceActivity]
2025-02-20 10:29:58.489 27071-27071 InputTransport          com.wisefido                         D  Destroy ARC handle: 0xb400007426bf4d40
2025-02-20 10:29:58.498 27071-27071 SleepaceSdk             com.wisefido                         E  SearchBleDeviceActivity onLeScan deviceName:BM87224601641
2025-02-20 10:29:58.502 27071-27071 SleepaceSdk             com.wisefido                         E  SearchBleDeviceActivity onLeScan deviceName:L??#ï¿½ï¿½<ï¿½
2025-02-20 10:29:58.505 27071-27071 SleepaceSdk             com.wisefido                         E  SearchBleDeviceActivity onLeScan deviceName:L??	|ï¿½ï¿½=X???03y,)
2025-02-20 10:30:00.201 27071-27071 ScanActivity            com.wisefido                         D  Start scan clicked, current module: SleepBoardHS
2025-02-20 10:30:00.201 27071-27071 ScanActivity            com.wisefido                         D  Filter prefix set to:
2025-02-20 10:30:00.229 27071-27252 libMEOW                 com.wisefido                         D  meow new tls: 0xb400007606d621e0
2025-02-20 10:30:00.229 27071-27252 libMEOW                 com.wisefido                         D  applied 1 plugins for [com.wisefido]:
2025-02-20 10:30:00.229 27071-27252 libMEOW                 com.wisefido                         D    plugin 1: [libMEOW_gift.so]: 0xb4000075c6ba2030
2025-02-20 10:30:00.229 27071-27252 libMEOW                 com.wisefido                         D  rebuild call chain: 0xb400007606d02180
2025-02-20 10:30:00.229 27071-27252 libMEOW                 com.wisefido                         D  meow delete tls: 0xb400007606d621e0
2025-02-20 10:30:00.230 27071-27071 SearchBleDeviceActivity com.wisefido                         D  Start scanning...
2025-02-20 10:30:00.231 27071-27071 BluetoothAdapter        com.wisefido                         D  startLeScan(): null
2025-02-20 10:30:00.231 27071-27071 BluetoothAdapter        com.wisefido                         D  isLeEnabled(): ON
2025-02-20 10:30:00.233 27071-27251 BluetoothLeScanner      com.wisefido                         D  onScannerRegistered() - status=0 scannerId=8 mScannerId=0
2025-02-20 10:30:00.240 27071-27071 VRI[Search...eActivity] com.wisefido                         D  hardware acceleration = true, forceHwAccelerated = false
2025-02-20 10:30:00.244 27071-27071 InputTransport          com.wisefido                         D  Create ARC handle: 0xb400007426bfc6f0
2025-02-20 10:30:00.254 27071-27071 BufferQueueConsumer     com.wisefido                         D  [](id:69bf00000003,api:0,p:-1,c:27071) connect: controlledByApp=false
2025-02-20 10:30:00.257 27071-27090 BLASTBufferQueue        com.wisefido                         D  [VRI[SearchBleDeviceActivity]#3](f:0,a:1) acquireNextBufferLocked size=1200x2000 mFrameNumber=1 applyTransaction=true mTimestamp=911854916797965(auto) mPendingTransactions.size=0 graphicBufferId=116269059670028 transform=0
2025-02-20 10:30:00.258 27071-27090 Parcel                  com.wisefido                         W  Expecting binder but got null!
2025-02-20 10:30:00.316 27071-27071 SleepaceSdk             com.wisefido                         E  SearchBleDeviceActivity onLeScan deviceName:u??B0????ï¿½ï¿½
2025-02-20 10:30:00.321 27071-27071 SleepaceSdk             com.wisefido                         E  SearchBleDeviceActivity onLeScan deviceName:*%ï¿½ï¿½ï¿½×¥?Wï¿½rÐï¿½~^6)ï¿½Nï¿½>
2025-02-20 10:30:00.342 27071-27071 SleepaceSdk             com.wisefido                         E  SearchBleDeviceActivity onLeScan deviceName:u??B ????-??ï¿½ï¿½
2025-02-20 10:30:00.368 27071-27071 SleepaceSdk             com.wisefido                         E  SearchBleDeviceActivity onLeScan deviceName:"ï¿½Mï¿½ï¿½'onï¿½$ï¿½ï¿½ï¿½ï¿½Gï¿½iï¿½*sï¿½
2025-02-20 10:30:00.387 27071-27071 SleepaceSdk             com.wisefido                         E  SearchBleDeviceActivity onLeScan deviceName:L??#ï¿½ï¿½<ï¿½
2025-02-20 10:30:00.404 27071-27071 SleepaceSdk             com.wisefido                         E  SearchBleDeviceActivity onLeScan deviceName:BM87224601641
2025-02-20 10:30:00.431 27071-27071 SleepaceSdk             com.wisefido                         E  SearchBleDeviceActivity onLeScan deviceName:ï¿½ï¿½
2025-02-20 10:30:00.437 27071-27071 SleepaceSdk             com.wisefido                         E  SearchBleDeviceActivity onLeScan deviceName:BM87224700978
2025-02-20 10:30:00.440 27071-27071 SleepaceSdk             com.wisefido                         E  SearchBleDeviceActivity onLeScan deviceName:ï¿½????[ï¿½gï¿½ï¿½
2025-02-20 10:30:00.475 27071-27071 SleepaceSdk             com.wisefido                         E  SearchBleDeviceActivity onLeScan deviceName:"ï¿½Mï¿½ï¿½'onï¿½$ï¿½ï¿½ï¿½ï¿½Gï¿½iï¿½*sï¿½
2025-02-20 10:30:00.522 27071-27071 SleepaceSdk             com.wisefido                         E  SearchBleDeviceActivity onLeScan deviceName:L??	|ï¿½ï¿½=X???03y,)
2025-02-20 10:30:00.526 27071-27071 SleepaceSdk             com.wisefido                         E  SearchBleDeviceActivity onLeScan deviceName:BM87224601641
2025-02-20 10:30:00.532 27071-27071 SleepaceSdk             com.wisefido                         E  SearchBleDeviceActivity onLeScan deviceName:*%ï¿½ï¿½ï¿½×¥?Wï¿½rÐï¿½~^6)ï¿½Nï¿½>
2025-02-20 10:30:00.538 27071-27071 SleepaceSdk             com.wisefido                         E  SearchBleDeviceActivity onLeScan deviceName:ï¿½????[ï¿½gï¿½ï¿½
2025-02-20 10:30:00.591 27071-27071 SleepaceSdk             com.wisefido                         E  SearchBleDeviceActivity onLeScan deviceName:"ï¿½Mï¿½ï¿½'onï¿½$ï¿½ï¿½ï¿½ï¿½Gï¿½iï¿½*sï¿½
2025-02-20 10:30:00.595 27071-27071 SleepaceSdk             com.wisefido                         E  SearchBleDeviceActivity onLeScan deviceName:BM87224601641
2025-02-20 10:30:00.628 27071-27071 SleepaceSdk             com.wisefido                         E  SearchBleDeviceActivity onLeScan deviceName:BM87224601903
2025-02-20 10:30:00.635 27071-27071 SleepaceSdk             com.wisefido                         E  SearchBleDeviceActivity onLeScan deviceName:u??B0????ï¿½ï¿½
2025-02-20 10:30:00.639 27071-27071 SleepaceSdk             com.wisefido                         E  SearchBleDeviceActivity onLeScan deviceName:BM87224700978
2025-02-20 10:30:00.644 27071-27071 SleepaceSdk             com.wisefido                         E  SearchBleDeviceActivity onLeScan deviceName:*%ï¿½ï¿½ï¿½×¥?Wï¿½rÐï¿½~^6)ï¿½Nï¿½>
2025-02-20 10:30:00.656 27071-27071 SleepaceSdk             com.wisefido                         E  SearchBleDeviceActivity onLeScan deviceName:BM87224601641
2025-02-20 10:30:00.692 27071-27071 SleepaceSdk             com.wisefido                         E  SearchBleDeviceActivity onLeScan deviceName:"ï¿½Mï¿½ï¿½'onï¿½$ï¿½ï¿½ï¿½ï¿½Gï¿½iï¿½*sï¿½
2025-02-20 10:30:00.695 27071-27071 SleepaceSdk             com.wisefido                         E  SearchBleDeviceActivity onLeScan deviceName:BM87224601903
2025-02-20 10:30:00.720 27071-27071 SleepaceSdk             com.wisefido                         E  SearchBleDeviceActivity onLeScan deviceName:BM87224601641
2025-02-20 10:30:00.745 27071-27071 SleepaceSdk             com.wisefido                         E  SearchBleDeviceActivity onLeScan deviceName:*%ï¿½ï¿½ï¿½×¥?Wï¿½rÐï¿½~^6)ï¿½Nï¿½>
2025-02-20 10:30:00.758 27071-27071 SleepaceSdk             com.wisefido                         E  SearchBleDeviceActivity onLeScan deviceName:null
2025-02-20 10:30:00.799 27071-27071 SleepaceSdk             com.wisefido                         E  SearchBleDeviceActivity onLeScan deviceName:L??A-
2025-02-20 10:30:00.831 27071-27071 SleepaceSdk             com.wisefido                         E  SearchBleDeviceActivity onLeScan deviceName:BM87224700978
2025-02-20 10:30:00.839 27071-27071 SleepaceSdk             com.wisefido                         E  SearchBleDeviceActivity onLeScan deviceName:L??|ï¿½(
2025-02-20 10:30:00.850 27071-27071 SleepaceSdk             com.wisefido                         E  SearchBleDeviceActivity onLeScan deviceName:ï¿½????[ï¿½gï¿½ï¿½
2025-02-20 10:30:00.857 27071-27071 SleepaceSdk             com.wisefido                         E  SearchBleDeviceActivity onLeScan deviceName:BM87224601641
2025-02-20 10:30:00.895 27071-27071 SleepaceSdk             com.wisefido                         E  SearchBleDeviceActivity onLeScan deviceName:"ï¿½Mï¿½ï¿½'onï¿½$ï¿½ï¿½ï¿½ï¿½Gï¿½iï¿½*sï¿½
2025-02-20 10:30:00.940 27071-27071 BLASTBufferQueue        com.wisefido                         D  [VRI[SearchBleDeviceActivity]#3](f:0,a:1) destructor()
2025-02-20 10:30:00.940 27071-27071 BufferQueueConsumer     com.wisefido                         D  [VRI[SearchBleDeviceActivity]#3(BLAST Consumer)3](id:69bf00000003,api:0,p:-1,c:27071) disconnect
2025-02-20 10:30:00.944 27071-27071 SleepaceSdk             com.wisefido                         E  SearchBleDeviceActivity onLeScan deviceName:BM87224601641
2025-02-20 10:30:00.952 27071-27071 BluetoothAdapter        com.wisefido                         D  stopLeScan()
2025-02-20 10:30:00.952 27071-27071 BluetoothAdapter        com.wisefido                         D  isLeEnabled(): ON
2025-02-20 10:30:00.959 27071-27071 SearchBleDeviceActivity com.wisefido                         D  Scan stopped
2025-02-20 10:30:00.960 27071-27071 View                    com.wisefido                         D  [Warning] assignParent to null: this = DecorView@d14317c[SearchBleDeviceActivity]
2025-02-20 10:30:00.964 27071-27071 InputTransport          com.wisefido                         D  Destroy ARC handle: 0xb400007426bfc6f0
2025-02-20 10:30:00.967 27071-27071 SleepaceSdk             com.wisefido                         E  SearchBleDeviceActivity onLeScan deviceName:u??B0????ï¿½ï¿½
2025-02-20 10:30:00.970 27071-27071 SleepaceSdk             com.wisefido                         E  SearchBleDeviceActivity onLeScan deviceName:ï¿½????[ï¿½gï¿½ï¿½
2025-02-20 10:30:01.575 27071-27071 ScanActivity            com.wisefido                         D  Start scan clicked, current module: SleepBoardHS
2025-02-20 10:30:01.575 27071-27071 ScanActivity            com.wisefido                         D  Filter prefix set to:
2025-02-20 10:30:01.594 27071-27071 Choreographer           com.wisefido                         W  Frame time is 0.160804  now = 911856253932965  timestampNanos = 911856254093769 ms in the future!  Check that graphics HAL is generating vsync timestamps using the correct timebase.
2025-02-20 10:30:01.597 27071-27071 SearchBleDeviceActivity com.wisefido                         D  Start scanning...
2025-02-20 10:30:01.597 27071-27071 BluetoothAdapter        com.wisefido                         D  startLeScan(): null
2025-02-20 10:30:01.597 27071-27071 BluetoothAdapter        com.wisefido                         D  isLeEnabled(): ON
2025-02-20 10:30:01.598 27071-27258 libMEOW                 com.wisefido                         D  meow new tls: 0xb400007606d621e0
2025-02-20 10:30:01.598 27071-27258 libMEOW                 com.wisefido                         D  applied 1 plugins for [com.wisefido]:
2025-02-20 10:30:01.598 27071-27258 libMEOW                 com.wisefido                         D    plugin 1: [libMEOW_gift.so]: 0xb4000075c6ba2030
2025-02-20 10:30:01.598 27071-27258 libMEOW                 com.wisefido                         D  rebuild call chain: 0xb400007606d521d0
2025-02-20 10:30:01.598 27071-27258 libMEOW                 com.wisefido                         D  meow delete tls: 0xb400007606d621e0
2025-02-20 10:30:01.600 27071-27251 BluetoothLeScanner      com.wisefido                         D  onScannerRegistered() - status=0 scannerId=8 mScannerId=0
2025-02-20 10:30:01.608 27071-27071 VRI[Search...eActivity] com.wisefido                         D  hardware acceleration = true, forceHwAccelerated = false
2025-02-20 10:30:01.612 27071-27071 InputTransport          com.wisefido                         D  Create ARC handle: 0xb400007426c07be0
2025-02-20 10:30:01.620 27071-27071 BufferQueueConsumer     com.wisefido                         D  [](id:69bf00000004,api:0,p:-1,c:27071) connect: controlledByApp=false
2025-02-20 10:30:01.625 27071-27090 BLASTBufferQueue        com.wisefido                         D  [VRI[SearchBleDeviceActivity]#4](f:0,a:1) acquireNextBufferLocked size=1200x2000 mFrameNumber=1 applyTransaction=true mTimestamp=911856284667504(auto) mPendingTransactions.size=0 graphicBufferId=116269059670032 transform=0
2025-02-20 10:30:01.625 27071-27090 Parcel                  com.wisefido                         W  Expecting binder but got null!
2025-02-20 10:30:01.630 27071-27071 SleepaceSdk             com.wisefido                         E  SearchBleDeviceActivity onLeScan deviceName:"ï¿½Mï¿½ï¿½'onï¿½$ï¿½ï¿½ï¿½ï¿½Gï¿½iï¿½*sï¿½
2025-02-20 10:30:01.650 27071-27071 SleepaceSdk             com.wisefido                         E  SearchBleDeviceActivity onLeScan deviceName:BM87224601641
2025-02-20 10:30:01.688 27071-27071 SleepaceSdk             com.wisefido                         E  SearchBleDeviceActivity onLeScan deviceName:*%ï¿½ï¿½ï¿½×¥?Wï¿½rÐï¿½~^6)ï¿½Nï¿½>
2025-02-20 10:30:01.718 27071-27071 SleepaceSdk             com.wisefido                         E  SearchBleDeviceActivity onLeScan deviceName:ï¿½????[ï¿½gï¿½ï¿½
2025-02-20 10:30:01.742 27071-27071 SleepaceSdk             com.wisefido                         E  SearchBleDeviceActivity onLeScan deviceName:L??	"ï¿½
